// Jest Snapshot v1, https://goo.gl/fbAQLP

exports[`MoviesList Render MoviesList 1`] = `
<div
  className="catalog__movies-list"
>
  <article
    className="small-movie-card catalog__movies-card"
    onClick={[Function]}
    onMouseEnter={[Function]}
  >
    <div
      className="small-movie-card__image"
    >
      <video
        height="175"
        poster="img/we-need-to-talk-about-kevin.jpg"
        src="https://upload.wikimedia.org/wikipedia/commons/b/b4/Solar_Eclipse_from_San_Francisco%2C_2012.webm"
        type="video/webm"
        width="280"
      >
        your browser doesn\`t support embedded videos
      </video>
    </div>
    <h3
      className="small-movie-card__title"
    >
      <a
        className="small-movie-card__link"
        href="movie-page"
        onClick={[Function]}
      >
        We need to talk about Kevin
      </a>
    </h3>
  </article>
  <article
    className="small-movie-card catalog__movies-card"
    onClick={[Function]}
    onMouseEnter={[Function]}
  >
    <div
      className="small-movie-card__image"
    >
      <video
        height="175"
        poster="img/what-we-do-in-the-shadows.jpg"
        src="https://upload.wikimedia.org/wikipedia/commons/a/af/%E0%B4%A4%E0%B5%8B%E0%B5%BD%E0%B4%AA%E0%B5%8D%E0%B4%AA%E0%B4%BE%E0%B4%B5%E0%B4%95%E0%B5%8D%E0%B4%95%E0%B5%82%E0%B4%A4%E0%B5%8D%E0%B4%A4%E0%B5%8D_Playing_Tholpava_koothu%2C_shadow_puppet_2.webm"
        type="video/webm"
        width="280"
      >
        your browser doesn\`t support embedded videos
      </video>
    </div>
    <h3
      className="small-movie-card__title"
    >
      <a
        className="small-movie-card__link"
        href="movie-page"
        onClick={[Function]}
      >
        What We Do in the Shadows
      </a>
    </h3>
  </article>
  <article
    className="small-movie-card catalog__movies-card"
    onClick={[Function]}
    onMouseEnter={[Function]}
  >
    <div
      className="small-movie-card__image"
    >
      <video
        height="175"
        poster="img/revenant.jpg"
        src="https://upload.wikimedia.org/wikipedia/commons/b/b3/Raven_op_kadaver_wild_zwijn-Stichting_Natuurbeelden-172729.webm"
        type="video/webm"
        width="280"
      >
        your browser doesn\`t support embedded videos
      </video>
    </div>
    <h3
      className="small-movie-card__title"
    >
      <a
        className="small-movie-card__link"
        href="movie-page"
        onClick={[Function]}
      >
        Revenant
      </a>
    </h3>
  </article>
  <article
    className="small-movie-card catalog__movies-card"
    onClick={[Function]}
    onMouseEnter={[Function]}
  >
    <div
      className="small-movie-card__image"
    >
      <video
        height="175"
        poster="img/johnny-english.jpg"
        src="https://upload.wikimedia.org/wikipedia/commons/4/40/Aerial_video_of_Glenside.webm"
        type="video/webm"
        width="280"
      >
        your browser doesn\`t support embedded videos
      </video>
    </div>
    <h3
      className="small-movie-card__title"
    >
      <a
        className="small-movie-card__link"
        href="movie-page"
        onClick={[Function]}
      >
        Johnny English
      </a>
    </h3>
  </article>
</div>
`;
