// Jest Snapshot v1, https://goo.gl/fbAQLP

exports[`SmallMovieCard Render SmallMovieCard 1`] = `
<article
  className="small-movie-card catalog__movies-card"
  onClick={[Function]}
  onMouseEnter={[Function]}
  onMouseLeave={[Function]}
>
  <div
    className="small-movie-card__image"
  >
    <video
      height="175"
      poster="img/snatch.jpg"
      width="280"
    >
      your browser doesn\`t support embedded videos
    </video>
  </div>
  <h3
    className="small-movie-card__title"
  >
    <a
      className="small-movie-card__link"
      href="movie-page"
      onClick={[Function]}
    >
      Snatch
    </a>
  </h3>
</article>
`;
